// Jest Snapshot v1, https://goo.gl/fbAQLP

exports[`components/base/sw-alert should render correctly 1`] = `
<div
  class="sw-alert sw-alert--info sw-alert--default"
  role="alert"
>
  <sw-icon-stub
    class="sw-alert__icon"
    decorative=""
    name="default-badge-info"
    size="20px"
  />
   
  <div
    class="sw-alert__body"
  >
    <!---->
     
    <div
      class="sw-alert__message"
    >
      <p>
        Alert message
      </p>
    </div>
  </div>
   
  <!---->
   
  <!---->
</div>
`;
